../../../../rtl/soc/minimig_de1_top.v

../../../../lib/altera/i_sync.v
../../../../lib/altera/MULT18x18.v
../../../../lib/altera/srl16e.v

../../../../rtl/minimig/
../../../../rtl/minimig/ActionReplay3.v
../../../../rtl/minimig/Agnus.v
../../../../rtl/minimig/Amber.v
../../../../rtl/minimig/Audio.v
../../../../rtl/minimig/Beamcounter.v
../../../../rtl/minimig/Bitplanes.v
../../../../rtl/minimig/Blitter.v
../../../../rtl/minimig/BootRom.v
../../../../rtl/minimig/CIA8520.v
../../../../rtl/minimig/Clock.v
../../../../rtl/minimig/Copper.v
../../../../rtl/minimig/Denise.v
../../../../rtl/minimig/Floppy.v
../../../../rtl/minimig/Gary.v
../../../../rtl/minimig/Gayle.v
../../../../rtl/minimig/Minimig1.v
../../../../rtl/minimig/Paula.v
../../../../rtl/minimig/PS2Keyboard.v
../../../../rtl/minimig/Sprites.v
../../../../rtl/minimig/Userio.v

../../../../rtl/tg68/TG68_fast.vhd
../../../../rtl/tg68/TG68.vhd

../../../../rtl/de1/amigaclk.v
../../../../rtl/de1/audio_shifter.v
../../../../rtl/de1/cfide.v
../../../../rtl/de1/I2C_AV_Config.v
../../../../rtl/de1/I2C_Controller.v
../../../../rtl/de1/indicators.v
../../../../rtl/de1/sdram.v
../../../../rtl/de1/sram_ctl.v
../../../../rtl/de1/sseg_decode.v
../../../../rtl/de1/startram.v

